I'm sorry, but errors were detected in your script. Please correct the
errors listed below, and try again.


File "game/script.rpy", line 212: Line is indented, but the preceding say statement statement does not expect a block. Please check this line's indentation.
    show thunder
    ^

Ren'Py Version: Ren'Py 8.0.1.22070801
Sat Oct 29 21:52:10 2022
